// Jest Snapshot v1, https://goo.gl/fbAQLP

exports[`the document title is the default title 1`] = `
<app__Container>
  <SideEffect(DocumentTitle)
    title="Fresh Transmission - Curated Internet Radio"
  />
  <Logo />
  <withRouter(Connect(Player)) />
  <app__Main>
    <page__Container />
  </app__Main>
</app__Container>
`;
